// Jest Snapshot v1, https://goo.gl/fbAQLP

exports[`s3-to-server help basic help output on command 1`] = `
"jest s3-to-server

Get a file from S3 and upload that on the SFTP server

Options:
      --version                        Show version number             [boolean]
      --help                           Show help                       [boolean]
  -h, --host, --sftp-host              SFTP host IP address or URL
                                                             [string] [required]
  -p, --port, --sftp-port              SFTP host port number
                                                          [number] [default: 22]
  -u, --user, --sftp-user, --username  SFTP username         [string] [required]
      --private-key-s3-uri             S3 URI for the private key to
                                       authenticate SFTP session
                                                             [string] [required]
  -l, --location, --remote-location    Path to the file location in SFTP server
                                                             [string] [required]
  -b, --bucket, --bucket-name          S3 bucket name        [string] [required]
      --s3-key                         S3 key for the file to upload
                                                             [string] [required]
      --override                       Override a file in SFTP server if already
                                       exists         [boolean] [default: false]
      --gzip, --compress               Compress file content if not already
                                       compressed     [boolean] [default: false]"
`;

exports[`s3-to-server help basic help output on parent 1`] = `
"jest [command]

Commands:
  jest s3-to-server  Get a file from S3 and upload that on the SFTP server

Options:
  --version  Show version number                                       [boolean]
  --help     Show help                                                 [boolean]"
`;
