// Jest Snapshot v1, https://goo.gl/fbAQLP

exports[`server-to-s3 help basic help output on command 1`] = `
"jest server-to-s3

Download files from SFTP server and put them in S3 bucket

Options:
      --version                        Show version number             [boolean]
      --help                           Show help                       [boolean]
  -h, --host, --sftp-host              SFTP host IP address or URL
                                                             [string] [required]
  -p, --port, --sftp-port              SFTP host port number
                                                          [number] [default: 22]
  -u, --user, --sftp-user, --username  SFTP username         [string] [required]
      --private-key-s3-uri             S3 URI for the private key to
                                       authenticate SFTP session
                                                             [string] [required]
  -l, --location, --remote-location    Path to the file location in SFTP server
                                                             [string] [required]
  -r, --remove, --rm, --delete         Delete remote files after successfull
                                       upload to S3   [boolean] [default: false]
  -f, --filename, --filename-pattern   A string that will be used as a regular
                                       expression to find a list of files in the
                                       server location                  [string]
  -b, --bucket, --bucket-name          S3 bucket name        [string] [required]
      --key-prefix                     S3 key prefix, original filename from the
                                       server will get appended
                                                             [string] [required]
      --gunzip, --uncompress           Uncompress file content if the file has a
                                       \`.gz\` extension[boolean] [default: false]"
`;

exports[`server-to-s3 help basic help output on parent 1`] = `
"jest [command]

Commands:
  jest server-to-s3  Download files from SFTP server and put them in S3 bucket

Options:
  --version  Show version number                                       [boolean]
  --help     Show help                                                 [boolean]"
`;
